

Job 2 (Eq=True, Twirl=False, NoCross=True):   0%|          | 0/60 [00:00<?, ?it/s][A[A
Job 1 (Eq=False, Twirl=True, NoCross=True):   0%|          | 0/60 [00:00<?, ?it/s][A


Job 3 (Eq=True, Twirl=True, NoCross=True):   0%|          | 0/60 [00:00<?, ?it/s][A[A[AJob 0 (Eq=False, Twirl=False, NoCross=True):   0%|          | 0/60 [00:00<?, ?it/s]object address  : 0x75f011385660
object address  : 0x744d55575840
object address  : 0x7303e09857e0
object refcount : 3
object refcount : 3
object type     : 0xa224a0
object refcount : 3
object type     : 0xa224a0
object type     : 0xa224a0
object type name: KeyboardInterrupt
object repr     : object type name: KeyboardInterrupt
object repr     : object type name: KeyboardInterrupt
object repr     : 
lost sys.stderr


lost sys.stderr
lost sys.stderr
object address  : 0x7470bd8897e0
object address  : 0x7843919c1120
object refcount : 3
object type     : 0xa224a0
object refcount : 3
object type     : 0xa224a0
object type name: KeyboardInterrupt
object repr     : object type name: KeyboardInterrupt
object repr     : 
lost sys.stderr

lost sys.stderr
Exception ignored in sys.unraisablehookException ignored in sys.unraisablehook: <built-in function unraisablehook>
KeyboardInterrupt: 
Exception ignored in: <object repr() failed>Exception ignored in sys.unraisablehook: <built-in function unraisablehook>
Exception ignored in sys.unraisablehook: <built-in function unraisablehook>
Exception ignored in atexit callback: <function _exit_function at 0x744d5b457380>Exception ignored in sys.unraisablehook: <built-in function unraisablehook>
Exception ignored in: <object repr() failed>
Exception ignored in atexit callback: <function _exit_function at 0x7470c37b7380>Exception ignored in sys.unraisablehook: <built-in function unraisablehook>
KeyboardInterrupt: 
Traceback (most recent call last):
  File "/usr/lib/python3.12/threading.py", line 1575, in _shutdown
Exception ignored in: <object repr() failed>
Exception ignored in atexit callback: <function shutdown at 0x7470c37682c0>
Traceback (most recent call last):
  File "/usr/lib/python3.12/logging/__init__.py", line 2273, in shutdown
Traceback (most recent call last):
  File "/home/giuseppinux/progetti/eqnn/.venv/lib/python3.12/site-packages/tqdm/std.py", line 1196, in __iter__
Exception ignored in sys.unraisablehook: <built-in function unraisablehook>
  File "/home/giuseppinux/progetti/eqnn/.venv/lib/python3.12/site-packages/tqdm/std.py", line 1265, in close
  File "/usr/lib/python3.12/logging/__init__.py", line 975, in release
KeyboardInterrupt: 
KeyboardInterrupt: 
KeyboardInterrupt: 
Exception ignored in atexit callback: <function TemporaryResourcesManager.register_folder_finalizer.<locals>._cleanup at 0x7843919b4e00>
Traceback (most recent call last):
  File "/home/giuseppinux/progetti/eqnn/.venv/lib/python3.12/site-packages/joblib/_memmapping_reducer.py", line 658, in _cleanup
Process LokyProcess-3:
Process LokyProcess-1:
  File "/home/giuseppinux/progetti/eqnn/.venv/lib/python3.12/site-packages/joblib/disk.py", line 104, in delete_folder
  File "<frozen genericpath>", line 42, in isdir
KeyboardInterrupt: 
Exception ignored in atexit callback: <function TemporaryResourcesManager.register_folder_finalizer.<locals>._cleanup at 0x7843a0307e20>
Traceback (most recent call last):
KeyboardInterrupt: 
Exception ignored in: <generator object tqdm.__iter__ at 0x716f39d3fd00>
Traceback (most recent call last):
  File "/home/giuseppinux/progetti/eqnn/.venv/lib/python3.12/site-packages/tqdm/std.py", line 1196, in __iter__
Exception ignored in: <generator object tqdm.__iter__ at 0x7a4ec51dfbe0>
Traceback (most recent call last):
KeyboardInterrupt: 
  File "/home/giuseppinux/progetti/eqnn/.venv/lib/python3.12/site-packages/tqdm/std.py", line 1265, in close
    def close(self):

KeyboardInterrupt: 
Exception ignored in atexit callback: <function exit_cacert_ctx at 0x78439ed4dc60>
Traceback (most recent call last):
  File "/home/giuseppinux/progetti/eqnn/.venv/lib/python3.12/site-packages/certifi/core.py", line 10, in exit_cacert_ctx
    def exit_cacert_ctx() -> None:
    
KeyboardInterrupt: 
Exception ignored in atexit callback: <object repr() failed>
Traceback (most recent call last):
  File "/usr/lib/python3.12/tempfile.py", line 952, in cleanup
Process LokyProcess-7:
Process LokyProcess-5:
    def cleanup(self):

KeyboardInterrupt: 
Exception ignored in atexit callback: <function _log_traced_frames at 0x78439fd85940>
Traceback (most recent call last):
  File "/home/giuseppinux/progetti/eqnn/.venv/lib/python3.12/site-packages/torch/_dynamo/eval_frame.py", line 561, in _log_traced_frames
    msg = textwrap.indent(msg, "  * ")
          ^^^^^^^^^^^^^^^^^^^^^^^^^^^^
  File "/usr/lib/python3.12/textwrap.py", line 470, in indent
    def indent(text, prefix, predicate=None):
    
KeyboardInterrupt: 
Exception ignored in atexit callback: <function dump_compile_times at 0x7843a8fbd620>
Traceback (most recent call last):
  File "/home/giuseppinux/progetti/eqnn/.venv/lib/python3.12/site-packages/torch/_dynamo/utils.py", line 845, in dump_compile_times
    log.info(compile_times(repr="str", aggregate=True))
             ^^^^^^^^^^^^^^^^^^^^^^^^^^^^^^^^^^^^^^^^^
  File "/home/giuseppinux/progetti/eqnn/.venv/lib/python3.12/site-packages/torch/_dynamo/utils.py", line 831, in compile_times
    out += tabulate(rows, headers=("Function", "Runtimes (s)"))
           ^^^^^^^^^^^^^^^^^^^^^^^^^^^^^^^^^^^^^^^^^^^^^^^^^^^^
  File "/home/giuseppinux/progetti/eqnn/.venv/lib/python3.12/site-packages/torch/_dynamo/utils.py", line 232, in tabulate
    def tabulate(
    
KeyboardInterrupt: 
Exception ignored in atexit callback: <bound method finalize._exitfunc of <class 'weakref.finalize'>>
Traceback (most recent call last):
  File "/usr/lib/python3.12/weakref.py", line 656, in _exitfunc
    pending = cls._select_for_exit()
              ^^^^^^^^^^^^^^^^^^^^^^
  File "/usr/lib/python3.12/weakref.py", line 634, in _select_for_exit
    @classmethod

KeyboardInterrupt: 
Exception ignored in atexit callback: <function dump_cache_stats at 0x7843acc81620>
Traceback (most recent call last):
  File "/home/giuseppinux/progetti/eqnn/.venv/lib/python3.12/site-packages/torch/_subclasses/fake_tensor.py", line 3216, in dump_cache_stats
    log.info("FakeTensor cache stats:")
  File "/usr/lib/python3.12/logging/__init__.py", line 1538, in info
    if self.isEnabledFor(INFO):
       ^^^^^^^^^^^^^^^^^^^^^^^
  File "/usr/lib/python3.12/logging/__init__.py", line 1809, in isEnabledFor
    _releaseLock()
  File "/usr/lib/python3.12/logging/__init__.py", line 243, in _releaseLock
    def _releaseLock():
    
KeyboardInterrupt: 
Exception ignored in atexit callback: <function _exit_function at 0x7843ad12e200>
Traceback (most recent call last):
  File "/usr/lib/python3.12/multiprocessing/util.py", line 337, in _exit_function
    _run_finalizers(0)
  File "/usr/lib/python3.12/multiprocessing/util.py", line 303, in _run_finalizers
    finalizer()
  File "/usr/lib/python3.12/multiprocessing/util.py", line 227, in __call__
    res = self._callback(*self._args, **self._kwargs)
          ^^^^^^^^^^^^^^^^^^^^^^^^^^^^^^^^^^^^^^^^^^^
  File "/usr/lib/python3.12/multiprocessing/queues.py", line 229, in _finalize_close
    notempty.notify()
  File "/usr/lib/python3.12/threading.py", line 404, in notify
    if not self._is_owned():
           ^^^^^^^^^^^^^^^^
  File "/usr/lib/python3.12/threading.py", line 317, in _is_owned
    if self._lock.acquire(False):
       ^^^^^^^^^^^^^^^^^^^^^^^^^
KeyboardInterrupt: 
Exception ignored in atexit callback: <bound method Gcf.destroy_all of <class 'matplotlib._pylab_helpers.Gcf'>>
Traceback (most recent call last):
  File "/home/giuseppinux/progetti/eqnn/.venv/lib/python3.12/site-packages/matplotlib/_pylab_helpers.py", line 76, in destroy_all
    @classmethod

KeyboardInterrupt: 
Exception ignored in: <function tqdm.__del__ at 0x7a16649db7e0>
Traceback (most recent call last):
  File "/home/giuseppinux/progetti/eqnn/.venv/lib/python3.12/site-packages/tqdm/std.py", line 1147, in __del__
    def __del__(self):

KeyboardInterrupt: 
Exception ignored in: <function tqdm.__del__ at 0x7fe0146e37e0>
Traceback (most recent call last):
  File "/home/giuseppinux/progetti/eqnn/.venv/lib/python3.12/site-packages/tqdm/std.py", line 1147, in __del__
    def __del__(self):

KeyboardInterrupt: 
Exception ignored in: <function tqdm.__del__ at 0x7a4edf7eb7e0>
Traceback (most recent call last):
  File "/home/giuseppinux/progetti/eqnn/.venv/lib/python3.12/site-packages/tqdm/std.py", line 1147, in __del__
    def __del__(self):

KeyboardInterrupt: 
Exception ignored in: <function tqdm.__del__ at 0x716f542e37e0>
Traceback (most recent call last):
  File "/home/giuseppinux/progetti/eqnn/.venv/lib/python3.12/site-packages/tqdm/std.py", line 1147, in __del__
    def __del__(self):

KeyboardInterrupt: 
/home/giuseppinux/progetti/eqnn/.venv/lib/python3.12/site-packages/joblib/externals/loky/backend/resource_tracker.py:359: UserWarning: resource_tracker: There appear to be 10 leaked semlock objects to clean up at shutdown
  warnings.warn(
/home/giuseppinux/progetti/eqnn/.venv/lib/python3.12/site-packages/joblib/externals/loky/backend/resource_tracker.py:359: UserWarning: resource_tracker: There appear to be 2 leaked folder objects to clean up at shutdown
  warnings.warn(
/usr/lib/python3.12/multiprocessing/resource_tracker.py:279: UserWarning: resource_tracker: There appear to be 3 leaked semaphore objects to clean up at shutdown
  warnings.warn('resource_tracker: There appear to be %d '
/usr/lib/python3.12/multiprocessing/resource_tracker.py:292: UserWarning: resource_tracker: '/loky-3382-p6402ktc': [Errno 2] No such file or directory
  warnings.warn('resource_tracker: %r: %s' % (name, e))
/usr/lib/python3.12/multiprocessing/resource_tracker.py:292: UserWarning: resource_tracker: '/loky-3378-pvtrzdxc': [Errno 2] No such file or directory
  warnings.warn('resource_tracker: %r: %s' % (name, e))
/usr/lib/python3.12/multiprocessing/resource_tracker.py:292: UserWarning: resource_tracker: '/loky-3380-5xh9clt9': [Errno 2] No such file or directory
  warnings.warn('resource_tracker: %r: %s' % (name, e))
